.\.venv\Scripts\python.exe : INFO:database:Database initialized (SQLite Cache).
At line:1 char:1
+ .\.venv\Scripts\python.exe test_suite.py > test_log.txt 2>&1
+ ~~~~~~~~~~~~~~~~~~~~~~~~~~~~~~~~~~~~~~~~~~~~~~~~~~~~~~~~~~~~
    + CategoryInfo          : NotSpecified: (INFO:database:D...(SQLite Cache).:String) [], RemoteException
    + FullyQualifiedErrorId : NativeCommandError
 
INFO:database:Added expense 1 for user 99999
INFO:database:Added expense 2 for user 99999
INFO:database:Added expense 3 for user 99999
ERROR:database:Error deleting all expenses: name '_sync_local_to_sheets_for_user' is not defined
INFO:llm_helper:LLM unavailable. Falling back to Regex.
INFO:llm_helper:LLM unavailable. Falling back to Regex.
INFO:llm_helper:LLM unavailable. Falling back to Regex.
INFO:llm_helper:LLM unavailable. Falling back to Regex.
INFO:llm_helper:LLM unavailable. Falling back to Regex.
INFO:llm_helper:LLM unavailable. Falling back to Regex.
C:\personal project\FinTechBot\bot.py:957: PTBUserWarning: If 'per_message=False', 'CallbackQueryHandler' will not be tracked for every message. Read this FAQ 
entry to learn more about the per_* settings: 
https://github.com/python-telegram-bot/python-telegram-bot/wiki/Frequently-Asked-Questions#what-do-the-per_-settings-in-conversationhandler-do.
  conv_handler = ConversationHandler(
INFO:database:Database initialized (SQLite Cache).
WARNING:security:Rejected request with invalid API key
INFO:database:Added expense 1 for user 12345
C:\personal project\FinTechBot\llm_helper.py:24: FutureWarning: 

All support for the `google.generativeai` package has ended. It will no longer be receiving 
updates or bug fixes. Please switch to the `google.genai` package as soon as possible.
See README for more details:

https://github.com/google-gemini/deprecated-generative-ai-python/blob/main/README.md

  import google.generativeai as genai
ΓòöΓòÉΓòÉΓòÉΓòÉΓòÉΓòÉΓòÉΓòÉΓòÉΓòÉΓòÉΓòÉΓòÉΓòÉΓòÉΓòÉΓòÉΓòÉΓòÉΓòÉΓòÉΓòÉΓòÉΓòÉΓòÉΓòÉΓòÉΓòÉΓòÉΓòÉΓòÉΓòÉΓòÉΓòÉΓòÉΓòÉΓòÉΓòÉΓòÉΓòÉΓòÉΓòÉΓòÉΓòÉΓòÉΓòÉΓòÉΓòÉΓòÉΓòÉΓòÉΓòÉΓòÉΓòÉΓòÉΓòÉΓòÉΓòÉΓòù
Γòæ          FinTechBot ΓÇö Comprehensive Test Suite          Γòæ
ΓòÜΓòÉΓòÉΓòÉΓòÉΓòÉΓòÉΓòÉΓòÉΓòÉΓòÉΓòÉΓòÉΓòÉΓòÉΓòÉΓòÉΓòÉΓòÉΓòÉΓòÉΓòÉΓòÉΓòÉΓòÉΓòÉΓòÉΓòÉΓòÉΓòÉΓòÉΓòÉΓòÉΓòÉΓòÉΓòÉΓòÉΓòÉΓòÉΓòÉΓòÉΓòÉΓòÉΓòÉΓòÉΓòÉΓòÉΓòÉΓòÉΓòÉΓòÉΓòÉΓòÉΓòÉΓòÉΓòÉΓòÉΓòÉΓòÉΓò¥

============================================================
  1. Intent Detection
============================================================
  Γ£à NOT expense: 'hello' (English greeting)
  Γ£à NOT expense: 'hi there' (English greeting 2)
  Γ£à NOT expense: 'how are you?' (Question)
  Γ£à NOT expense: '╫⌐╫£╫ò╫¥' (Hebrew greeting)
  Γ£à NOT expense: '╫₧╫ö ╫º╫ò╫¿╫ö?' (Hebrew question)
  Γ£à NOT expense: 'thanks' (Gratitude)
  Γ£à NOT expense: 'what is this bot?' (Question about bot)
  Γ£à NOT expense: '' (Empty string)
  Γ£à NOT expense: 'good morning' (No number, no signals)
  Γ£à EXPENSE: 'spent 50 on food' (English with signal word)
  Γ£à EXPENSE: 'paid 30 for taxi' (English paid)
  Γ£à EXPENSE: 'pizza 50' (Category keyword + number)
  Γ£à EXPENSE: '50 taxi' (Number + category keyword)
  Γ£à EXPENSE: '╫⌐╫Ö╫£╫₧╫¬╫Ö 200 ╫⌐╫º╫£ ╫æ╫í╫ò╫ñ╫¿' (Hebrew expense)
  Γ£à EXPENSE: '╫º╫á╫Ö╫¬╫Ö ╫á╫ó╫£╫Ö╫Ö╫¥ ╫æ350' (Hebrew bought)
  Γ£à AMBIGUOUS/NOT: 'I'm 25 years old' (Age statement)
  Γ£à AMBIGUOUS/NOT: 'my room is 302' (Room number)
  Γ£à AMBIGUOUS/NOT: '123456' (Just a number)

============================================================
  2. Input Sanitization & Prompt Injection
============================================================
  Γ£à Empty input returns empty
  Γ£à None input returns empty
  Γ£à Normal text preserved
  Γ£à Long input truncated to 500 chars
  Γ£à Sanitized: System prefix injection
  Γ£à Sanitized: Assistant prefix injection
  Γ£à Sanitized: Ignore injection
  Γ£à Sanitized: Backtick injection
  Γ£à Sanitized: Curly brace injection
  Γ£à Sanitized: Override injection

============================================================
  3. Expense Data Validation
============================================================
  Γ£à Valid expense passes
  Γ£à Amount preserved
  Γ£à Category preserved
  Γ£à Negative amount rejected
  Γ£à Zero amount rejected
  Γ£à Huge amount rejected
  Γ£à String amount rejected
  Γ£à Lowercase 'food' fuzzy-matches to 'Food'
  Γ£à Emoji category fuzzy-matches to 'Food'
  Γ£à Long description truncated to 200
  Γ£à None input rejected
  Γ£à String input rejected
  Γ£à List input rejected
  Γ£à NaN amount rejected
  Γ£à Infinity amount rejected
  Γ£à Negative infinity rejected

============================================================
  4. Category Mapping
============================================================
  Γ£à 'pizza' ΓåÆ Food
  Γ£à 'taxi' ΓåÆ Transport
  Γ£à 'rent' ΓåÆ Housing
  Γ£à 'movie' ΓåÆ Entertainment
  Γ£à 'clothes' ΓåÆ Shopping
  Γ£à 'gym' ΓåÆ Health
  Γ£à 'book' ΓåÆ Education
  Γ£à 'insurance' ΓåÆ Financial
  Γ£à 'randomxyz' ΓåÆ Other
  Γ£à '╫ñ╫Ö╫ª╫ö' ΓåÆ Food
  Γ£à '╫₧╫ò╫á╫Ö╫¬' ΓåÆ Transport
  Γ£à '╫⌐╫¢╫Ö╫¿╫ò╫¬' ΓåÆ Housing
  Γ£à '╫º╫ò╫£╫á╫ò╫ó' ΓåÆ Entertainment
  Γ£à '╫æ╫Æ╫ô╫Ö╫¥' ΓåÆ Shopping
  Γ£à '╫¿╫ò╫ñ╫É' ΓåÆ Health
  Γ£à '╫º╫ò╫¿╫í' ΓåÆ Education
  Γ£à '╫æ╫Ö╫ÿ╫ò╫ù' ΓåÆ Financial
  Γ£à Fuzzy: 'food' ΓåÆ 'Food'
  Γ£à Fuzzy: 'TRANSPORT' ΓåÆ 'Transport'
  Γ£à Fuzzy: empty ΓåÆ 'Other'
  Γ£à Fuzzy: gibberish ΓåÆ 'Other'

============================================================
  5. Database Operations
============================================================
  Γ£à Database initialized
  Γ£à Expense added
  Γ£à Expense retrieved
  Γ£à Amount correct
  Γ£à Category correct
  Γ£à Monthly summary correct
  Γ£à Category totals has Food
  Γ£à Food total is 50
  Γ£à Negative amount rejected
  Γ£à Invalid category rejected
  Γ£à Huge amount rejected
  Γ£à NaN amount rejected by DB
  Γ£à Negative user_id rejected
  Γ£à Profile: age=5 rejected
  Γ£à Profile: negative income rejected
  Γ£à Profile: too long info rejected
  Γ£à Valid profile set successfully
  Γ£à Profile retrieved
  Γ£à Profile income correct
  Γ£à Expense deleted
  Γ£à Expense removed from DB
  Γ£à Valid profile fully saved
  Γ£à Valid profile defaults handled
  Γ£à Budget set and retrieved
  Γ¥î Delete all returned count=0 ΓÇö 
  Γ£à All expenses deleted
  Γ£à Test DB cleaned up

============================================================
  6. Security Module
============================================================
  Γ£à API_SECRET_KEY is loaded
  Γ£à HMAC compare: correct key passes
  Γ£à HMAC compare: wrong key fails
  Γ£à HMAC compare: empty key fails
  Γ£à Rate limit window is reasonable
  Γ£à Rate limit requests is reasonable
  Γ£à Rate limit state initialized

============================================================
  7. Parse Expense (Regex Fallback)
============================================================
  Γ£à Regex: 'spent 50 on pizza' ΓåÆ Food Γé¬50
  Γ£à Regex: 'taxi 35' ΓåÆ Transport Γé¬35
  Γ£à Regex: 'paid 200 for rent' ΓåÆ Housing Γé¬200
  Γ£à Regex: 'coffee 15' ΓåÆ Food Γé¬15
  Γ£à Regex: 'gym 100' ΓåÆ Health Γé¬100
  Γ£à Regex: 'hello' ΓåÆ not_expense
  Γ£à Regex: 'how are you?' ΓåÆ not_expense
  Γ£à Regex: '╫⌐╫£╫ò╫¥' ΓåÆ not_expense
  Γ£à Regex: '' ΓåÆ not_expense
  Γ£à Regex: 'thanks for the help' ΓåÆ not_expense
  Γ£à Regex: 'I spent 50' ΓåÆ no_category or success

============================================================
  8. Category Consistency Across Modules
============================================================
  Γ£à llm_helper categories match database
  Γ£à models.py categories match database
  Γ£à No emoji in category 'Housing'
  Γ£à No emoji in category 'Transport'
  Γ£à No emoji in category 'Entertainment'
  Γ£à No emoji in category 'Other'
  Γ£à No emoji in category 'Financial'
  Γ£à No emoji in category 'Shopping'
  Γ£à No emoji in category 'Food'
  Γ£à No emoji in category 'Health'
  Γ£à No emoji in category 'Education'

============================================================
  9. Message Safety
============================================================
  Γ£à Escapes asterisk
  Γ£à Escapes underscore
  Γ£à Escapes backtick
  Γ£à Empty string safe
  Γ£à None safe
  Γ£à TELEGRAM_MAX_LENGTH constant exists

============================================================
  9. Currency Detection
============================================================
  Γ£à Currency: 'spent 50 dollars' ΓåÆ USD
  Γ£à Currency: 'paid Γé¼30 for Netflix' ΓåÆ EUR
  Γ£à Currency: 'taxi 35' ΓåÆ NIS
  Γ£à Currency: '┬ú20 on coffee' ΓåÆ GBP
  Γ£à Currency: '╫⌐╫Ö╫£╫₧╫¬╫Ö 200 ╫⌐╫º╫£' ΓåÆ NIS
  Γ£à Currency: '50 ╫ô╫ò╫£╫¿ ╫ó╫£ ╫ñ╫Ö╫ª╫ö' ΓåÆ USD

============================================================
  11. FastAPI Endpoints (main.py)
============================================================
  Γ£à API Health check
  Γ£à API Auth rejected wrong key
  Γ£à API POST /expenses
  Γ£à API POST rejects DoS string payloads (422)
  Γ£à API GET /expenses
  Γ£à API GET /summary
  Γ£à API GET /chart
  Γ£à API DELETE /expenses

============================================================
  12. LLM Insights Signature
============================================================
  Γ£à Insights generation returns string properly

============================================================
  RESULTS: 141/142 passed, 1 failed
  ΓÜá∩╕Å  1 test(s) need attention
============================================================
